---
http_interactions:
- request:
    method: get
    uri: https://api.linkedin.com/v1/people/~?oauth2_access_token=AQUJwEF40pJUbVxsW_mujQ3QCiXvlTnMFk55SlfVPYRcAPdsn1oE1Hm8Ldlc61o57k96i04ufG81KFdPJIOSJswXsGyZ0tk9IMZea8sfNXMGMnZgikQJUQPkmRVYVw9BP1qH9tp7hJF32DQtzkBB_NE8xPASPVgXVWbbntChGyYqqDvF1p8
    body:
      encoding: US-ASCII
      string: ''
    headers:
      User-Agent:
      - Faraday v0.8.8
      X-Li-Format:
      - json
  response:
    status:
      code: 200
      message:
    headers:
      server:
      - Apache-Coyote/1.1
      x-li-request-id:
      - 03M2HIZ5ZZ
      vary:
      - "*"
      x-li-format:
      - json
      content-type:
      - application/json;charset=UTF-8
      date:
      - Sun, 13 Oct 2013 22:48:35 GMT
      x-li-fabric:
      - PROD-ELA4
      access-control-allow-origin:
      - https://www.linkedin.com
      age:
      - '0'
      transfer-encoding:
      - chunked
      connection:
      - keep-alive
      x-li-pop:
      - PROD-ELA4
      x-li-uuid:
      - mBWfxe/MLBPwzEjFASsAAA==
    body:
      encoding: UTF-8
      string: |-
        {
          "firstName": "Josh",
          "headline": "Test Engineer at LinkedIn2 Gem",
          "lastName": "Testjordan",
          "siteStandardProfileRequest": {"url": "http://www.linkedin.com/profile/view?id=292221312&authType=name&authToken=lTbb&trk=api*a3296321*s3370311*"}
        }
    http_version:
  recorded_at: Sun, 13 Oct 2013 22:48:40 GMT
- request:
    method: get
    uri: https://api.linkedin.com/v1/people/id=Fy5e5a4mqr?oauth2_access_token=AQUJwEF40pJUbVxsW_mujQ3QCiXvlTnMFk55SlfVPYRcAPdsn1oE1Hm8Ldlc61o57k96i04ufG81KFdPJIOSJswXsGyZ0tk9IMZea8sfNXMGMnZgikQJUQPkmRVYVw9BP1qH9tp7hJF32DQtzkBB_NE8xPASPVgXVWbbntChGyYqqDvF1p8
    body:
      encoding: US-ASCII
      string: ''
    headers:
      User-Agent:
      - Faraday v0.8.8
      X-Li-Format:
      - json
  response:
    status:
      code: 200
      message:
    headers:
      server:
      - Apache-Coyote/1.1
      x-li-request-id:
      - K70EU26VBI
      vary:
      - "*"
      x-li-format:
      - json
      content-type:
      - application/json;charset=UTF-8
      date:
      - Sun, 13 Oct 2013 22:48:36 GMT
      x-li-fabric:
      - PROD-ELA4
      access-control-allow-origin:
      - https://www.linkedin.com
      age:
      - '0'
      transfer-encoding:
      - chunked
      connection:
      - keep-alive
      x-li-pop:
      - PROD-ELA4
      x-li-uuid:
      - sLbq6O/MLBMQaCG8uSoAAA==
    body:
      encoding: UTF-8
      string: |-
        {
          "firstName": "Sir Richard",
          "headline": "Chairman,Virgin Group.",
          "lastName": "B.",
          "siteStandardProfileRequest": {"url": "http://www.linkedin.com/profile/view?id=293623781&authType=name&authToken=Y22Y&trk=api*a3296321*s3370311*"}
        }
    http_version:
  recorded_at: Sun, 13 Oct 2013 22:48:41 GMT
- request:
    method: get
    uri: https://api.linkedin.com/v1/people/~/connections?oauth2_access_token=AQUJwEF40pJUbVxsW_mujQ3QCiXvlTnMFk55SlfVPYRcAPdsn1oE1Hm8Ldlc61o57k96i04ufG81KFdPJIOSJswXsGyZ0tk9IMZea8sfNXMGMnZgikQJUQPkmRVYVw9BP1qH9tp7hJF32DQtzkBB_NE8xPASPVgXVWbbntChGyYqqDvF1p8
    body:
      encoding: US-ASCII
      string: ''
    headers:
      User-Agent:
      - Faraday v0.8.8
  response:
    status:
      code: 200
      message:
    headers:
      server:
      - Apache-Coyote/1.1
      x-li-request-id:
      - DKYIS1K51I
      vary:
      - "*"
      x-li-format:
      - json
      content-type:
      - application/json;charset=UTF-8
      date:
      - Sun, 13 Oct 2013 22:50:18 GMT
      x-li-fabric:
      - PROD-ELA4
      access-control-allow-origin:
      - https://www.linkedin.com
      age:
      - '2'
      transfer-encoding:
      - chunked
      connection:
      - keep-alive
      x-li-pop:
      - PROD-ELA4
      x-li-uuid:
      - yIk8xgfNLBMQblmOAisAAA==
    body:
      encoding: UTF-8
      string: |-
        {
          "_total": 2,
          "values": [
            {
              "apiStandardProfileRequest": {
                "headers": {
                  "_total": 1,
                  "values": [{
                    "name": "x-li-auth-token",
                    "value": "name:24s3"
                  }]
                },
                "url": "http://api.linkedin.com/v1/people/4eTIydMs1T"
              },
              "firstName": "Bob",
              "headline": "Guy at EverTrue",
              "id": "4eTIydMs1T",
              "industry": "Leisure, Travel & Tourism",
              "lastName": "Breznak",
              "location": {
                "country": {"code": "us"},
                "name": "Greater Boston Area"
              },
              "pictureUrl": "http://m.c.lnkd.licdn.com/mpr/mprx/0_zR-8K5tqrNEyhBCYz0APKFGVrqDrGlCYcx60KFPQftJhjzvOMjGuObFeOJSfTn_tq4rYx8SQ5fvK",
              "siteStandardProfileRequest": {"url": "http://www.linkedin.com/profile/view?id=28903483&authType=name&authToken=24s3&trk=api*a3296321*s3370311*"}
            },
            {
              "apiStandardProfileRequest": {
                "headers": {
                  "_total": 1,
                  "values": [{
                    "name": "x-li-auth-token",
                    "value": "name:Dack"
                  }]
                },
                "url": "http://api.linkedin.com/v1/people/mbAZ4HR8RV"
              },
              "firstName": "Josh",
              "headline": "No-bullshit Software Engineer",
              "id": "mbAZ4HR8RV",
              "industry": "Computer Software",
              "lastName": "Jordan",
              "location": {
                "country": {"code": "us"},
                "name": "Greater Boston Area"
              },
              "pictureUrl": "http://m.c.lnkd.licdn.com/mpr/mprx/0_tK6jMqPfpQ370lofKczaMnrmy_kxjqUfrB-CMBig_LK7GKu7On9AccBPtmX8Y1siPPXinrgl7GAr",
              "siteStandardProfileRequest": {"url": "http://www.linkedin.com/profile/view?id=18939563&authType=name&authToken=Dack&trk=api*a3296321*s3370311*"}
            }
          ]
        }
    http_version:
  recorded_at: Sun, 13 Oct 2013 22:50:23 GMT
- request:
    method: get
    uri: https://api.linkedin.com/v1/people/~:(id,first-name,last-name,maiden-name,formatted-name,phonetic-first-name,phonetic-last-name,formatted-phonetic-name,headline,industry,distance,current-share,num-connections,num-connections-capped,summary,specialties,picture-url,site-standard-profile-request,public-profile-url,location:(name,country:(code)),positions:(id,title,summary,start-date,end-date,is-current,id,name,universal-name,email-domains,company-type,ticker,website-url,industries,status,logo-url,square-logo-url,blog-rss-url,twitter-id,employee-count-range,specialties,description,stock-exchange,founded-year,end-year,num-followers,locations:(description,is-headquarters,is-active,address:(street1,street2,city,state,postal-code,country-code,region-code),contact-info:(phone1,phone2,fax))),api-standard-profile-request:(url,headers),relation-to-viewer:(num-related-connections,related-connections:(id,first-name,last-name,maiden-name,formatted-name,phonetic-first-name,phonetic-last-name,formatted-phonetic-name,headline,industry,distance,current-share,num-connections,num-connections-capped,summary,specialties,picture-url,site-standard-profile-request,public-profile-url,location:(name,country:(code)),positions:(id,title,summary,start-date,end-date,is-current,id,name,universal-name,email-domains,company-type,ticker,website-url,industries,status,logo-url,square-logo-url,blog-rss-url,twitter-id,employee-count-range,specialties,description,stock-exchange,founded-year,end-year,num-followers,locations:(description,is-headquarters,is-active,address:(street1,street2,city,state,postal-code,country-code,region-code),contact-info:(phone1,phone2,fax))),api-standard-profile-request:(url,headers))))?oauth2_access_token=AQUJwEF40pJUbVxsW_mujQ3QCiXvlTnMFk55SlfVPYRcAPdsn1oE1Hm8Ldlc61o57k96i04ufG81KFdPJIOSJswXsGyZ0tk9IMZea8sfNXMGMnZgikQJUQPkmRVYVw9BP1qH9tp7hJF32DQtzkBB_NE8xPASPVgXVWbbntChGyYqqDvF1p8
    body:
      encoding: US-ASCII
      string: ''
    headers:
      User-Agent:
      - Faraday v0.9.0
      X-Li-Format:
      - json
      Accept-Encoding:
      - gzip;q=1.0,deflate;q=0.6,identity;q=0.3
      Accept:
      - "*/*"
  response:
    status:
      code: 401
      message: Unauthorized
    headers:
      Server:
      - Apache-Coyote/1.1
      X-Li-Request-Id:
      - M8T4IX7YFG
      X-Li-Uuid:
      - oKVSiBVMjhOAOCrklysAAA==
      Date:
      - Wed, 27 Aug 2014 13:49:48 GMT
      Vary:
      - "*"
      X-Li-Format:
      - json
      Content-Type:
      - application/json;charset=UTF-8
      X-Li-Fabric:
      - PROD-ELA4
      Transfer-Encoding:
      - chunked
      Connection:
      - keep-alive
      X-Li-Pop:
      - PROD-ELA4
      Set-Cookie:
      - lidc="b=LB12:g=102:u=1:i=1409147199:t=1409233599:s=1902693391"; Expires=Thu,
        28 Aug 2014 13:46:39 GMT; domain=.linkedin.com; Path=/
    body:
      encoding: UTF-8
      string: |-
        {
          "errorCode": 0,
          "message": "[unauthorized]. Expired access token.",
          "requestId": "M8T4IX7YFG",
          "status": 401,
          "timestamp": 1409147388791
        }
    http_version:
  recorded_at: Wed, 27 Aug 2014 13:49:48 GMT
- request:
    method: get
    uri: https://api.linkedin.com/v1/people/~/connections:(id,first-name,last-name,maiden-name,formatted-name,phonetic-first-name,phonetic-last-name,formatted-phonetic-name,headline,industry,distance,current-share,num-connections,num-connections-capped,summary,specialties,picture-url,site-standard-profile-request,public-profile-url,location:(name,country:(code)),positions:(id,title,summary,start-date,end-date,is-current,id,name,universal-name,email-domains,company-type,ticker,website-url,industries,status,logo-url,square-logo-url,blog-rss-url,twitter-id,employee-count-range,specialties,description,stock-exchange,founded-year,end-year,num-followers,locations:(description,is-headquarters,is-active,address:(street1,street2,city,state,postal-code,country-code,region-code),contact-info:(phone1,phone2,fax))),api-standard-profile-request:(url,headers),relation-to-viewer:(num-related-connections,related-connections:(id,first-name,last-name,maiden-name,formatted-name,phonetic-first-name,phonetic-last-name,formatted-phonetic-name,headline,industry,distance,current-share,num-connections,num-connections-capped,summary,specialties,picture-url,site-standard-profile-request,public-profile-url,location:(name,country:(code)),positions:(id,title,summary,start-date,end-date,is-current,id,name,universal-name,email-domains,company-type,ticker,website-url,industries,status,logo-url,square-logo-url,blog-rss-url,twitter-id,employee-count-range,specialties,description,stock-exchange,founded-year,end-year,num-followers,locations:(description,is-headquarters,is-active,address:(street1,street2,city,state,postal-code,country-code,region-code),contact-info:(phone1,phone2,fax))),api-standard-profile-request:(url,headers))))?oauth2_access_token=AQUJwEF40pJUbVxsW_mujQ3QCiXvlTnMFk55SlfVPYRcAPdsn1oE1Hm8Ldlc61o57k96i04ufG81KFdPJIOSJswXsGyZ0tk9IMZea8sfNXMGMnZgikQJUQPkmRVYVw9BP1qH9tp7hJF32DQtzkBB_NE8xPASPVgXVWbbntChGyYqqDvF1p8
    body:
      encoding: US-ASCII
      string: ''
    headers:
      User-Agent:
      - Faraday v0.9.0
      X-Li-Format:
      - json
      Accept-Encoding:
      - gzip;q=1.0,deflate;q=0.6,identity;q=0.3
      Accept:
      - "*/*"
  response:
    status:
      code: 401
      message: Unauthorized
    headers:
      Server:
      - Apache-Coyote/1.1
      X-Li-Request-Id:
      - VLELPGEYIO
      X-Li-Uuid:
      - "+1FVqhVMjhOwMlWw+ioAAA=="
      Date:
      - Wed, 27 Aug 2014 13:49:48 GMT
      Vary:
      - "*"
      X-Li-Format:
      - json
      Content-Type:
      - application/json;charset=UTF-8
      X-Li-Fabric:
      - PROD-ELA4
      Transfer-Encoding:
      - chunked
      Connection:
      - keep-alive
      X-Li-Pop:
      - PROD-ELA4
      Set-Cookie:
      - lidc="b=LB12:g=102:u=1:i=1409147199:t=1409233599:s=1902693391"; Expires=Thu,
        28 Aug 2014 13:46:39 GMT; domain=.linkedin.com; Path=/
    body:
      encoding: UTF-8
      string: |-
        {
          "errorCode": 0,
          "message": "[unauthorized]. Expired access token.",
          "requestId": "VLELPGEYIO",
          "status": 401,
          "timestamp": 1409147389364
        }
    http_version:
  recorded_at: Wed, 27 Aug 2014 13:49:48 GMT
- request:
    method: post
    uri: https://api.linkedin.com/v1/people/~/mailbox:(id,first-name,last-name,maiden-name,formatted-name,phonetic-first-name,phonetic-last-name,formatted-phonetic-name,headline,industry,distance,current-share,num-connections,num-connections-capped,summary,specialties,picture-url,site-standard-profile-request,public-profile-url,location:(name,country:(code)),positions:(id,title,summary,start-date,end-date,is-current,id,name,universal-name,email-domains,company-type,ticker,website-url,industries,status,logo-url,square-logo-url,blog-rss-url,twitter-id,employee-count-range,specialties,description,stock-exchange,founded-year,end-year,num-followers,locations:(description,is-headquarters,is-active,address:(street1,street2,city,state,postal-code,country-code,region-code),contact-info:(phone1,phone2,fax))),api-standard-profile-request:(url,headers),relation-to-viewer:(num-related-connections,related-connections:(id,first-name,last-name,maiden-name,formatted-name,phonetic-first-name,phonetic-last-name,formatted-phonetic-name,headline,industry,distance,current-share,num-connections,num-connections-capped,summary,specialties,picture-url,site-standard-profile-request,public-profile-url,location:(name,country:(code)),positions:(id,title,summary,start-date,end-date,is-current,id,name,universal-name,email-domains,company-type,ticker,website-url,industries,status,logo-url,square-logo-url,blog-rss-url,twitter-id,employee-count-range,specialties,description,stock-exchange,founded-year,end-year,num-followers,locations:(description,is-headquarters,is-active,address:(street1,street2,city,state,postal-code,country-code,region-code),contact-info:(phone1,phone2,fax))),api-standard-profile-request:(url,headers))))?oauth2_access_token=AQUJwEF40pJUbVxsW_mujQ3QCiXvlTnMFk55SlfVPYRcAPdsn1oE1Hm8Ldlc61o57k96i04ufG81KFdPJIOSJswXsGyZ0tk9IMZea8sfNXMGMnZgikQJUQPkmRVYVw9BP1qH9tp7hJF32DQtzkBB_NE8xPASPVgXVWbbntChGyYqqDvF1p8
    body:
      encoding: UTF-8
      string: '{"recipients":{"values":[{"person":{"_path":"/people/recip1"}},{"person":{"_path":"/people/recip2"}}]},"subject":"subject","body":"body"}'
    headers:
      User-Agent:
      - Faraday v0.9.0
      Content-Type:
      - application/json
      X-Li-Format:
      - json
      Accept-Encoding:
      - gzip;q=1.0,deflate;q=0.6,identity;q=0.3
      Accept:
      - "*/*"
  response:
    status:
      code: 401
      message: Unauthorized
    headers:
      Server:
      - Apache-Coyote/1.1
      X-Li-Request-Id:
      - OSQF2HPVQQ
      X-Li-Uuid:
      - xNKmzRVMjhNAwZf1eysAAA==
      Date:
      - Wed, 27 Aug 2014 13:49:49 GMT
      Vary:
      - "*"
      X-Li-Format:
      - json
      Content-Type:
      - application/json;charset=UTF-8
      X-Li-Fabric:
      - PROD-ELA4
      Set-Cookie:
      - lidc="b=LB12:g=102:u=1:i=1409147199:t=1409233599:s=1902693391"; Expires=Thu,
        28 Aug 2014 13:46:39 GMT; domain=.linkedin.com; Path=/
      - lidc="b=LB12:g=102:u=1:i=1409147199:t=1409233599:s=1902693391"; Expires=Thu,
        28 Aug 2014 13:46:39 GMT; domain=.linkedin.com; Path=/
      Transfer-Encoding:
      - chunked
      Connection:
      - keep-alive
      X-Li-Pop:
      - PROD-ELA4
    body:
      encoding: UTF-8
      string: |-
        {
          "errorCode": 0,
          "message": "[unauthorized]. Expired access token.",
          "requestId": "OSQF2HPVQQ",
          "status": 401,
          "timestamp": 1409147389969
        }
    http_version:
  recorded_at: Wed, 27 Aug 2014 13:49:49 GMT
recorded_with: VCR 2.9.2
